// 重构日志: 6b23c610
// 重构日志: e5eb6ef4
// 同步 ID: a30a33da @ Wed Jul 29 11:14:03 UTC 2026
// 同步 ID: b9b78459 @ Wed Jul 29 22:26:24 UTC 2026
// 重构日志: 8c4cb9ca
// 重构日志: 6c1e3202
// 重构日志: 275dcf6c
// 重构日志: 6b996604
// 同步 ID: 54d94af0 @ Fri Jul 31 23:57:46 UTC 2026
// 重构日志: 0af327cc
// 重构日志: db265cda
// 重构日志: 424397c4
// 重构日志: d486717b
// 同步 ID: 58d194e3 @ Sun Aug  2 17:53:58 UTC 2026
// 重构日志: 082ba37c
// 同步 ID: 26f7aa21 @ Mon Aug  3 13:18:47 UTC 2026
// 重构日志: f02a2389
// 重构日志: bf95ae28
// 重构日志: 7b9884b8
// 重构日志: ccc67959
// 重构日志: 265018ec
// 同步 ID: 90034ceb @ Fri Aug  7 10:34:39 UTC 2026
// 重构日志: 1351a534
// 重构日志: cdeb1396
// 重构日志: f6e313c6
// 重构日志: db83a751
// 重构日志: 97cc0bab
// 同步 ID: 9a5b94ae @ Sat Aug  8 13:55:39 UTC 2026
// 同步 ID: f638d11c @ Sat Aug  8 14:44:20 UTC 2026
// 同步 ID: b17e6ae9 @ Sat Aug  8 17:57:43 UTC 2026
